src/app/(dashboard)/assistente-ia/page.tsx(8,24): error TS2306: File 'C:/Users/esaur_4zg16wg/Desktop/SYNCO/src/components/shared/PageHeader.tsx' is not a module.
src/app/(dashboard)/ganhos/page.tsx(7,24): error TS2306: File 'C:/Users/esaur_4zg16wg/Desktop/SYNCO/src/components/shared/PageHeader.tsx' is not a module.
src/app/(dashboard)/ganhos/page.tsx(20,22): error TS2345: Argument of type '() => Promise<typeof Area>' is not assignable to parameter of type 'DynamicOptions<Props> | Loader<Props>'.
  Type '() => Promise<typeof Area>' is not assignable to type '() => LoaderComponent<Props>'.
    Type 'Promise<typeof Area>' is not assignable to type 'LoaderComponent<Props>'.
      Type 'typeof Area' is not assignable to type 'ComponentType<Props> | ComponentModule<Props>'.
        Type 'typeof Area' is not assignable to type 'ComponentClass<Props, any>'.
          The types of 'defaultProps.legendType' are incompatible between these types.
            Type 'string' is not assignable to type 'LegendType | undefined'.
src/app/(dashboard)/ganhos/page.tsx(21,23): error TS2345: Argument of type '() => Promise<typeof XAxis>' is not assignable to parameter of type 'DynamicOptions<Props> | Loader<Props>'.
  Type '() => Promise<typeof XAxis>' is not assignable to type '() => LoaderComponent<Props>'.
    Type 'Promise<typeof XAxis>' is not assignable to type 'LoaderComponent<Props>'.
      Type 'typeof XAxis' is not assignable to type 'ComponentType<Props> | ComponentModule<Props>'.
        Type 'typeof XAxis' is not assignable to type 'ComponentClass<Props, any>'.
          The types of 'defaultProps.type' are incompatible between these types.
            Type 'string' is not assignable to type '"number" | "category" | undefined'.
src/app/(dashboard)/ganhos/page.tsx(22,23): error TS2345: Argument of type '() => Promise<typeof YAxis>' is not assignable to parameter of type 'DynamicOptions<Props> | Loader<Props>'.
  Type '() => Promise<typeof YAxis>' is not assignable to type '() => LoaderComponent<Props>'.
    Type 'Promise<typeof YAxis>' is not assignable to type 'LoaderComponent<Props>'.
      Type 'typeof YAxis' is not assignable to type 'ComponentType<Props> | ComponentModule<Props>'.
        Type 'typeof YAxis' is not assignable to type 'ComponentClass<Props, any>'.
          The types of 'defaultProps.type' are incompatible between these types.
            Type 'string' is not assignable to type '"number" | "category" | undefined'.
src/app/(dashboard)/ganhos/page.tsx(24,25): error TS2345: Argument of type '() => Promise<typeof Tooltip>' is not assignable to parameter of type 'DynamicOptions<TooltipProps<ValueType, NameType>> | Loader<TooltipProps<ValueType, NameType>>'.
  Type '() => Promise<typeof Tooltip>' is not assignable to type '() => LoaderComponent<TooltipProps<ValueType, NameType>>'.
    Type 'Promise<typeof Tooltip>' is not assignable to type 'LoaderComponent<TooltipProps<ValueType, NameType>>'.
      Type 'typeof Tooltip' is not assignable to type 'ComponentType<TooltipProps<ValueType, NameType>> | ComponentModule<TooltipProps<ValueType, NameType>>'.
        Type 'typeof Tooltip' is not assignable to type 'ComponentClass<TooltipProps<ValueType, NameType>, any>'.
          The types of 'defaultProps.animationEasing' are incompatible between these types.
            Type 'string' is not assignable to type 'AnimationTiming | undefined'.
src/app/(dashboard)/ganhos/page.tsx(231,37): error TS2322: Type '(v: number) => [string, string]' is not assignable to type 'Formatter<ValueType, NameType>'.
  Types of parameters 'v' and 'value' are incompatible.
    Type 'ValueType' is not assignable to type 'number'.
      Type 'string' is not assignable to type 'number'.
src/app/(dashboard)/relatorios/page.tsx(9,24): error TS2306: File 'C:/Users/esaur_4zg16wg/Desktop/SYNCO/src/components/shared/PageHeader.tsx' is not a module.
src/app/(dashboard)/relatorios/page.tsx(22,21): error TS2345: Argument of type '() => Promise<typeof Bar>' is not assignable to parameter of type 'DynamicOptions<Props> | Loader<Props>'.
  Type '() => Promise<typeof Bar>' is not assignable to type '() => LoaderComponent<Props>'.
    Type 'Promise<typeof Bar>' is not assignable to type 'LoaderComponent<Props>'.
      Type 'typeof Bar' is not assignable to type 'ComponentType<Props> | ComponentModule<Props>'.
        Type 'typeof Bar' is not assignable to type 'ComponentClass<Props, any>'.
          The types of 'defaultProps.layout' are incompatible between these types.
            Type 'string' is not assignable to type '"horizontal" | "vertical" | undefined'.
src/app/(dashboard)/relatorios/page.tsx(23,23): error TS2345: Argument of type '() => Promise<typeof XAxis>' is not assignable to parameter of type 'DynamicOptions<Props> | Loader<Props>'.
  Type '() => Promise<typeof XAxis>' is not assignable to type '() => LoaderComponent<Props>'.
    Type 'Promise<typeof XAxis>' is not assignable to type 'LoaderComponent<Props>'.
      Type 'typeof XAxis' is not assignable to type 'ComponentType<Props> | ComponentModule<Props>'.
        Type 'typeof XAxis' is not assignable to type 'ComponentClass<Props, any>'.
          The types of 'defaultProps.type' are incompatible between these types.
            Type 'string' is not assignable to type '"number" | "category" | undefined'.
src/app/(dashboard)/relatorios/page.tsx(24,23): error TS2345: Argument of type '() => Promise<typeof YAxis>' is not assignable to parameter of type 'DynamicOptions<Props> | Loader<Props>'.
  Type '() => Promise<typeof YAxis>' is not assignable to type '() => LoaderComponent<Props>'.
    Type 'Promise<typeof YAxis>' is not assignable to type 'LoaderComponent<Props>'.
      Type 'typeof YAxis' is not assignable to type 'ComponentType<Props> | ComponentModule<Props>'.
        Type 'typeof YAxis' is not assignable to type 'ComponentClass<Props, any>'.
          The types of 'defaultProps.type' are incompatible between these types.
            Type 'string' is not assignable to type '"number" | "category" | undefined'.
src/app/(dashboard)/relatorios/page.tsx(26,25): error TS2345: Argument of type '() => Promise<typeof Tooltip>' is not assignable to parameter of type 'DynamicOptions<TooltipProps<ValueType, NameType>> | Loader<TooltipProps<ValueType, NameType>>'.
  Type '() => Promise<typeof Tooltip>' is not assignable to type '() => LoaderComponent<TooltipProps<ValueType, NameType>>'.
    Type 'Promise<typeof Tooltip>' is not assignable to type 'LoaderComponent<TooltipProps<ValueType, NameType>>'.
      Type 'typeof Tooltip' is not assignable to type 'ComponentType<TooltipProps<ValueType, NameType>> | ComponentModule<TooltipProps<ValueType, NameType>>'.
        Type 'typeof Tooltip' is not assignable to type 'ComponentClass<TooltipProps<ValueType, NameType>, any>'.
          The types of 'defaultProps.animationEasing' are incompatible between these types.
            Type 'string' is not assignable to type 'AnimationTiming | undefined'.
src/app/(dashboard)/relatorios/page.tsx(28,22): error TS2345: Argument of type '() => Promise<typeof Area>' is not assignable to parameter of type 'DynamicOptions<Props> | Loader<Props>'.
  Type '() => Promise<typeof Area>' is not assignable to type '() => LoaderComponent<Props>'.
    Type 'Promise<typeof Area>' is not assignable to type 'LoaderComponent<Props>'.
      Type 'typeof Area' is not assignable to type 'ComponentType<Props> | ComponentModule<Props>'.
        Type 'typeof Area' is not assignable to type 'ComponentClass<Props, any>'.
          The types of 'defaultProps.legendType' are incompatible between these types.
            Type 'string' is not assignable to type 'LegendType | undefined'.
