.next/types/app/(dashboard)/automacoes/page.ts(2,24): error TS2306: File 'C:/Users/esaur_4zg16wg/Desktop/SYNCO/src/app/(dashboard)/automacoes/page.tsx' is not a module.
.next/types/app/(dashboard)/automacoes/page.ts(5,29): error TS2306: File 'C:/Users/esaur_4zg16wg/Desktop/SYNCO/src/app/(dashboard)/automacoes/page.tsx' is not a module.
.next/types/app/(dashboard)/templates/page.ts(2,24): error TS2306: File 'C:/Users/esaur_4zg16wg/Desktop/SYNCO/src/app/(dashboard)/templates/page.tsx' is not a module.
.next/types/app/(dashboard)/templates/page.ts(5,29): error TS2306: File 'C:/Users/esaur_4zg16wg/Desktop/SYNCO/src/app/(dashboard)/templates/page.tsx' is not a module.
